Status update uh
Reservation notifications sent successfully.
